// Vitest Snapshot v1, https://vitest.dev/guide/snapshot.html

exports[`Constants > has default css content 1`] = `
"@tailwind base;
@tailwind components;
@tailwind utilities;
"
`;
